****************************************
Report : timing
        -path_type full
        -delay_type min
        -max_paths 20
        -report_by design
Design : ahb_spi_legacy
Version: W-2024.09-SP3
Date   : Thu May 28 18:10:17 2026
****************************************

  Startpoint: u_spi_fsm/state_reg_2_ (rising edge-triggered flip-flop clocked by HCLK)
  Endpoint: u_spi_fsm/U136 (rising clock gating-check end-point clocked by HCLK')
  Mode: func_mode
  Corner: ff_corner
  Scenario: func_ff
  Path Group: HCLK
  Path Type: min

  Point                                            Incr      Path  
  ------------------------------------------------------------------------
  clock HCLK (rise edge)                           0.00      0.00
  clock network delay (propagated)                 0.38      0.38

  u_spi_fsm/state_reg_2_/CK (SAEDRVT14_FDPRBQ_V2LP_0P5)
                                                   0.00      0.38 r
  u_spi_fsm/state_reg_2_/Q (SAEDRVT14_FDPRBQ_V2LP_0P5)
                                                   0.04      0.42 f
  u_spi_fsm/U136/A1 (SAEDRVT14_NR2_1)              0.00      0.42 f
  data arrival time                                          0.42

  clock HCLK' (rise edge)                         10.00     10.00
  clock network delay (propagated)                 0.38     10.38
  u_spi_fsm/U136/A2 (SAEDRVT14_NR2_1)              0.00     10.38 r
  library hold time                                0.00     10.38
  data required time                                        10.38
  ------------------------------------------------------------------------
  data required time                                        10.38
  data arrival time                                         -0.42
  ------------------------------------------------------------------------
  slack (VIOLATED)                                          -9.95



  Startpoint: u_spi_fsm/state_reg_0_ (rising edge-triggered flip-flop clocked by HCLK)
  Endpoint: u_spi_fsm/U238 (falling clock gating-check end-point clocked by HCLK)
  Mode: func_mode
  Corner: ff_corner
  Scenario: func_ff
  Path Group: HCLK
  Path Type: min

  Point                                            Incr      Path  
  ------------------------------------------------------------------------
  clock HCLK (rise edge)                           0.00      0.00
  clock network delay (propagated)                 0.38      0.38

  u_spi_fsm/state_reg_0_/CK (SAEDRVT14_FDPRBQ_V2LP_0P5)
                                                   0.00      0.38 r
  u_spi_fsm/state_reg_0_/Q (SAEDRVT14_FDPRBQ_V2LP_0P5)
                                                   0.04      0.42 f
  u_spi_fsm/U238/A1 (SAEDRVT14_OAI21_0P5)          0.00      0.42 f
  data arrival time                                          0.42

  clock HCLK (fall edge)                          10.00     10.00
  clock network delay (propagated)                 0.36     10.36
  u_spi_fsm/U238/B (SAEDRVT14_OAI21_0P5)           0.00     10.36 f
  library hold time                                0.00     10.36
  data required time                                        10.36
  ------------------------------------------------------------------------
  data required time                                        10.36
  data arrival time                                         -0.42
  ------------------------------------------------------------------------
  slack (VIOLATED)                                          -9.94



  Startpoint: u_spi_fsm/state_reg_1_ (rising edge-triggered flip-flop clocked by HCLK)
  Endpoint: u_spi_fsm/U238 (falling clock gating-check end-point clocked by HCLK)
  Mode: func_mode
  Corner: ff_corner
  Scenario: func_ff
  Path Group: HCLK
  Path Type: min

  Point                                            Incr      Path  
  ------------------------------------------------------------------------
  clock HCLK (rise edge)                           0.00      0.00
  clock network delay (propagated)                 0.38      0.38

  u_spi_fsm/state_reg_1_/CK (SAEDRVT14_FDPRBQ_V2LP_0P5)
                                                   0.00      0.38 r
  u_spi_fsm/state_reg_1_/Q (SAEDRVT14_FDPRBQ_V2LP_0P5)
                                                   0.04      0.42 f
  u_spi_fsm/U238/A2 (SAEDRVT14_OAI21_0P5)          0.00      0.42 f
  data arrival time                                          0.42

  clock HCLK (fall edge)                          10.00     10.00
  clock network delay (propagated)                 0.36     10.36
  u_spi_fsm/U238/B (SAEDRVT14_OAI21_0P5)           0.00     10.36 f
  library hold time                                0.00     10.36
  data required time                                        10.36
  ------------------------------------------------------------------------
  data required time                                        10.36
  data arrival time                                         -0.42
  ------------------------------------------------------------------------
  slack (VIOLATED)                                          -9.94



  Startpoint: tx_data_reg_reg_14_ (rising edge-triggered flip-flop clocked by HCLK)
  Endpoint: tx_data_reg_reg_14_ (rising edge-triggered flip-flop clocked by HCLK)
  Mode: func_mode
  Corner: ff_corner
  Scenario: func_ff
  Path Group: HCLK
  Path Type: min

  Point                                            Incr      Path  
  ------------------------------------------------------------------------
  clock HCLK (rise edge)                           0.00      0.00
  clock network delay (propagated)                 0.38      0.38

  tx_data_reg_reg_14_/CK (SAEDRVT14_FDPRBQ_V2LP_0P5)
                                                   0.00      0.38 r
  tx_data_reg_reg_14_/Q (SAEDRVT14_FDPRBQ_V2LP_0P5)
                                                   0.03      0.41 f
  U263/X (SAEDRVT14_MUX2_U_0P5)                    0.01      0.43 f
  tx_data_reg_reg_14_/D (SAEDRVT14_FDPRBQ_V2LP_0P5)
                                                   0.00      0.43 f
  data arrival time                                          0.43

  clock HCLK (rise edge)                           0.00      0.00
  clock network delay (propagated)                 0.38      0.38
  tx_data_reg_reg_14_/CK (SAEDRVT14_FDPRBQ_V2LP_0P5)
                                                   0.00      0.38 r
  library hold time                                0.01      0.39
  data required time                                         0.39
  ------------------------------------------------------------------------
  data required time                                         0.39
  data arrival time                                         -0.43
  ------------------------------------------------------------------------
  slack (MET)                                                0.04



  Startpoint: tx_data_reg_reg_11_ (rising edge-triggered flip-flop clocked by HCLK)
  Endpoint: tx_data_reg_reg_11_ (rising edge-triggered flip-flop clocked by HCLK)
  Mode: func_mode
  Corner: ff_corner
  Scenario: func_ff
  Path Group: HCLK
  Path Type: min

  Point                                            Incr      Path  
  ------------------------------------------------------------------------
  clock HCLK (rise edge)                           0.00      0.00
  clock network delay (propagated)                 0.38      0.38

  tx_data_reg_reg_11_/CK (SAEDRVT14_FDPRBQ_V2LP_0P5)
                                                   0.00      0.38 r
  tx_data_reg_reg_11_/Q (SAEDRVT14_FDPRBQ_V2LP_0P5)
                                                   0.03      0.41 f
  U273/X (SAEDRVT14_MUX2_U_0P5)                    0.01      0.43 f
  tx_data_reg_reg_11_/D (SAEDRVT14_FDPRBQ_V2LP_0P5)
                                                   0.00      0.43 f
  data arrival time                                          0.43

  clock HCLK (rise edge)                           0.00      0.00
  clock network delay (propagated)                 0.38      0.38
  tx_data_reg_reg_11_/CK (SAEDRVT14_FDPRBQ_V2LP_0P5)
                                                   0.00      0.38 r
  library hold time                                0.01      0.39
  data required time                                         0.39
  ------------------------------------------------------------------------
  data required time                                         0.39
  data arrival time                                         -0.43
  ------------------------------------------------------------------------
  slack (MET)                                                0.04



  Startpoint: tx_data_reg_reg_2_ (rising edge-triggered flip-flop clocked by HCLK)
  Endpoint: tx_data_reg_reg_2_ (rising edge-triggered flip-flop clocked by HCLK)
  Mode: func_mode
  Corner: ff_corner
  Scenario: func_ff
  Path Group: HCLK
  Path Type: min

  Point                                            Incr      Path  
  ------------------------------------------------------------------------
  clock HCLK (rise edge)                           0.00      0.00
  clock network delay (propagated)                 0.38      0.38

  tx_data_reg_reg_2_/CK (SAEDRVT14_FDPRBQ_V2LP_0P5)
                                                   0.00      0.38 r
  tx_data_reg_reg_2_/Q (SAEDRVT14_FDPRBQ_V2LP_0P5)
                                                   0.03      0.41 f
  U285/X (SAEDRVT14_MUX2_MM_0P5)                   0.01      0.43 f
  tx_data_reg_reg_2_/D (SAEDRVT14_FDPRBQ_V2LP_0P5)
                                                   0.00      0.43 f
  data arrival time                                          0.43

  clock HCLK (rise edge)                           0.00      0.00
  clock network delay (propagated)                 0.38      0.38
  tx_data_reg_reg_2_/CK (SAEDRVT14_FDPRBQ_V2LP_0P5)
                                                   0.00      0.38 r
  library hold time                                0.01      0.39
  data required time                                         0.39
  ------------------------------------------------------------------------
  data required time                                         0.39
  data arrival time                                         -0.43
  ------------------------------------------------------------------------
  slack (MET)                                                0.04



  Startpoint: tx_data_reg_reg_6_ (rising edge-triggered flip-flop clocked by HCLK)
  Endpoint: tx_data_reg_reg_6_ (rising edge-triggered flip-flop clocked by HCLK)
  Mode: func_mode
  Corner: ff_corner
  Scenario: func_ff
  Path Group: HCLK
  Path Type: min

  Point                                            Incr      Path  
  ------------------------------------------------------------------------
  clock HCLK (rise edge)                           0.00      0.00
  clock network delay (propagated)                 0.38      0.38

  tx_data_reg_reg_6_/CK (SAEDRVT14_FDPRBQ_V2LP_0P5)
                                                   0.00      0.38 r
  tx_data_reg_reg_6_/Q (SAEDRVT14_FDPRBQ_V2LP_0P5)
                                                   0.03      0.41 f
  U282/X (SAEDRVT14_MUX2_U_0P5)                    0.01      0.43 f
  tx_data_reg_reg_6_/D (SAEDRVT14_FDPRBQ_V2LP_0P5)
                                                   0.00      0.43 f
  data arrival time                                          0.43

  clock HCLK (rise edge)                           0.00      0.00
  clock network delay (propagated)                 0.38      0.38
  tx_data_reg_reg_6_/CK (SAEDRVT14_FDPRBQ_V2LP_0P5)
                                                   0.00      0.38 r
  library hold time                                0.01      0.39
  data required time                                         0.39
  ------------------------------------------------------------------------
  data required time                                         0.39
  data arrival time                                         -0.43
  ------------------------------------------------------------------------
  slack (MET)                                                0.04



  Startpoint: tx_data_reg_reg_12_ (rising edge-triggered flip-flop clocked by HCLK)
  Endpoint: tx_data_reg_reg_12_ (rising edge-triggered flip-flop clocked by HCLK)
  Mode: func_mode
  Corner: ff_corner
  Scenario: func_ff
  Path Group: HCLK
  Path Type: min

  Point                                            Incr      Path  
  ------------------------------------------------------------------------
  clock HCLK (rise edge)                           0.00      0.00
  clock network delay (propagated)                 0.38      0.38

  tx_data_reg_reg_12_/CK (SAEDRVT14_FDPRBQ_V2LP_0P5)
                                                   0.00      0.38 r
  tx_data_reg_reg_12_/Q (SAEDRVT14_FDPRBQ_V2LP_0P5)
                                                   0.03      0.41 f
  U265/X (SAEDRVT14_MUX2_U_0P5)                    0.01      0.43 f
  tx_data_reg_reg_12_/D (SAEDRVT14_FDPRBQ_V2LP_0P5)
                                                   0.00      0.43 f
  data arrival time                                          0.43

  clock HCLK (rise edge)                           0.00      0.00
  clock network delay (propagated)                 0.38      0.38
  tx_data_reg_reg_12_/CK (SAEDRVT14_FDPRBQ_V2LP_0P5)
                                                   0.00      0.38 r
  library hold time                                0.01      0.39
  data required time                                         0.39
  ------------------------------------------------------------------------
  data required time                                         0.39
  data arrival time                                         -0.43
  ------------------------------------------------------------------------
  slack (MET)                                                0.04



  Startpoint: tx_data_reg_reg_3_ (rising edge-triggered flip-flop clocked by HCLK)
  Endpoint: tx_data_reg_reg_3_ (rising edge-triggered flip-flop clocked by HCLK)
  Mode: func_mode
  Corner: ff_corner
  Scenario: func_ff
  Path Group: HCLK
  Path Type: min

  Point                                            Incr      Path  
  ------------------------------------------------------------------------
  clock HCLK (rise edge)                           0.00      0.00
  clock network delay (propagated)                 0.38      0.38

  tx_data_reg_reg_3_/CK (SAEDRVT14_FDPRBQ_V2LP_0P5)
                                                   0.00      0.38 r
  tx_data_reg_reg_3_/Q (SAEDRVT14_FDPRBQ_V2LP_0P5)
                                                   0.03      0.41 f
  U262/X (SAEDRVT14_MUX2_MM_0P5)                   0.01      0.43 f
  tx_data_reg_reg_3_/D (SAEDRVT14_FDPRBQ_V2LP_0P5)
                                                   0.00      0.43 f
  data arrival time                                          0.43

  clock HCLK (rise edge)                           0.00      0.00
  clock network delay (propagated)                 0.38      0.38
  tx_data_reg_reg_3_/CK (SAEDRVT14_FDPRBQ_V2LP_0P5)
                                                   0.00      0.38 r
  library hold time                                0.01      0.39
  data required time                                         0.39
  ------------------------------------------------------------------------
  data required time                                         0.39
  data arrival time                                         -0.43
  ------------------------------------------------------------------------
  slack (MET)                                                0.04



  Startpoint: tx_data_reg_reg_6_ (rising edge-triggered flip-flop clocked by HCLK)
  Endpoint: u_spi_fsm/shift_tx_reg_6_ (rising edge-triggered flip-flop clocked by HCLK)
  Mode: func_mode
  Corner: ff_corner
  Scenario: func_ff
  Path Group: HCLK
  Path Type: min

  Point                                            Incr      Path  
  ------------------------------------------------------------------------
  clock HCLK (rise edge)                           0.00      0.00
  clock network delay (propagated)                 0.38      0.38

  tx_data_reg_reg_6_/CK (SAEDRVT14_FDPRBQ_V2LP_0P5)
                                                   0.00      0.38 r
  tx_data_reg_reg_6_/Q (SAEDRVT14_FDPRBQ_V2LP_0P5)
                                                   0.03      0.41 f
  u_spi_fsm/ctmTdsLR_1_1211/X (SAEDRVT14_AO221_0P5)
                                                   0.01      0.43 f
  u_spi_fsm/shift_tx_reg_6_/D (SAEDRVT14_FDPRBQ_V2LP_0P5)
                                                   0.00      0.43 f
  data arrival time                                          0.43

  clock HCLK (rise edge)                           0.00      0.00
  clock network delay (propagated)                 0.38      0.38
  u_spi_fsm/shift_tx_reg_6_/CK (SAEDRVT14_FDPRBQ_V2LP_0P5)
                                                   0.00      0.38 r
  library hold time                                0.01      0.39
  data required time                                         0.39
  ------------------------------------------------------------------------
  data required time                                         0.39
  data arrival time                                         -0.43
  ------------------------------------------------------------------------
  slack (MET)                                                0.04



  Startpoint: tx_data_reg_reg_10_ (rising edge-triggered flip-flop clocked by HCLK)
  Endpoint: tx_data_reg_reg_10_ (rising edge-triggered flip-flop clocked by HCLK)
  Mode: func_mode
  Corner: ff_corner
  Scenario: func_ff
  Path Group: HCLK
  Path Type: min

  Point                                            Incr      Path  
  ------------------------------------------------------------------------
  clock HCLK (rise edge)                           0.00      0.00
  clock network delay (propagated)                 0.38      0.38

  tx_data_reg_reg_10_/CK (SAEDRVT14_FDPRBQ_V2LP_0P5)
                                                   0.00      0.38 r
  tx_data_reg_reg_10_/Q (SAEDRVT14_FDPRBQ_V2LP_0P5)
                                                   0.03      0.41 f
  U278/X (SAEDRVT14_MUX2_U_0P5)                    0.01      0.43 f
  tx_data_reg_reg_10_/D (SAEDRVT14_FDPRBQ_V2LP_0P5)
                                                   0.00      0.43 f
  data arrival time                                          0.43

  clock HCLK (rise edge)                           0.00      0.00
  clock network delay (propagated)                 0.38      0.38
  tx_data_reg_reg_10_/CK (SAEDRVT14_FDPRBQ_V2LP_0P5)
                                                   0.00      0.38 r
  library hold time                                0.01      0.39
  data required time                                         0.39
  ------------------------------------------------------------------------
  data required time                                         0.39
  data arrival time                                         -0.43
  ------------------------------------------------------------------------
  slack (MET)                                                0.04



  Startpoint: u_spi_fsm/shift_rx_reg_21_ (rising edge-triggered flip-flop clocked by HCLK)
  Endpoint: u_spi_fsm/shift_rx_reg_21_ (rising edge-triggered flip-flop clocked by HCLK)
  Mode: func_mode
  Corner: ff_corner
  Scenario: func_ff
  Path Group: HCLK
  Path Type: min

  Point                                            Incr      Path  
  ------------------------------------------------------------------------
  clock HCLK (rise edge)                           0.00      0.00
  clock network delay (propagated)                 0.38      0.38

  u_spi_fsm/shift_rx_reg_21_/CK (SAEDRVT14_FDPRBQ_V2LP_0P5)
                                                   0.00      0.38 r
  u_spi_fsm/shift_rx_reg_21_/Q (SAEDRVT14_FDPRBQ_V2LP_0P5)
                                                   0.03      0.42 f
  u_spi_fsm/U153/X (SAEDRVT14_INV_0P5)             0.01      0.42 r
  u_spi_fsm/U88/X (SAEDRVT14_OAI22_0P5)            0.01      0.43 f
  u_spi_fsm/shift_rx_reg_21_/D (SAEDRVT14_FDPRBQ_V2LP_0P5)
                                                   0.00      0.43 f
  data arrival time                                          0.43

  clock HCLK (rise edge)                           0.00      0.00
  clock network delay (propagated)                 0.38      0.38
  u_spi_fsm/shift_rx_reg_21_/CK (SAEDRVT14_FDPRBQ_V2LP_0P5)
                                                   0.00      0.38 r
  library hold time                                0.01      0.39
  data required time                                         0.39
  ------------------------------------------------------------------------
  data required time                                         0.39
  data arrival time                                         -0.43
  ------------------------------------------------------------------------
  slack (MET)                                                0.04



  Startpoint: tx_data_reg_reg_22_ (rising edge-triggered flip-flop clocked by HCLK)
  Endpoint: tx_data_reg_reg_22_ (rising edge-triggered flip-flop clocked by HCLK)
  Mode: func_mode
  Corner: ff_corner
  Scenario: func_ff
  Path Group: HCLK
  Path Type: min

  Point                                            Incr      Path  
  ------------------------------------------------------------------------
  clock HCLK (rise edge)                           0.00      0.00
  clock network delay (propagated)                 0.38      0.38

  tx_data_reg_reg_22_/CK (SAEDRVT14_FDPRBQ_V2LP_0P5)
                                                   0.00      0.38 r
  tx_data_reg_reg_22_/Q (SAEDRVT14_FDPRBQ_V2LP_0P5)
                                                   0.03      0.41 f
  U288/X (SAEDRVT14_MUX2_MM_0P5)                   0.01      0.43 f
  tx_data_reg_reg_22_/D (SAEDRVT14_FDPRBQ_V2LP_0P5)
                                                   0.00      0.43 f
  data arrival time                                          0.43

  clock HCLK (rise edge)                           0.00      0.00
  clock network delay (propagated)                 0.38      0.38
  tx_data_reg_reg_22_/CK (SAEDRVT14_FDPRBQ_V2LP_0P5)
                                                   0.00      0.38 r
  library hold time                                0.01      0.39
  data required time                                         0.39
  ------------------------------------------------------------------------
  data required time                                         0.39
  data arrival time                                         -0.43
  ------------------------------------------------------------------------
  slack (MET)                                                0.04



  Startpoint: tx_data_reg_reg_17_ (rising edge-triggered flip-flop clocked by HCLK)
  Endpoint: tx_data_reg_reg_17_ (rising edge-triggered flip-flop clocked by HCLK)
  Mode: func_mode
  Corner: ff_corner
  Scenario: func_ff
  Path Group: HCLK
  Path Type: min

  Point                                            Incr      Path  
  ------------------------------------------------------------------------
  clock HCLK (rise edge)                           0.00      0.00
  clock network delay (propagated)                 0.38      0.38

  tx_data_reg_reg_17_/CK (SAEDRVT14_FDPRBQ_V2LP_0P5)
                                                   0.00      0.38 r
  tx_data_reg_reg_17_/Q (SAEDRVT14_FDPRBQ_V2LP_0P5)
                                                   0.03      0.41 f
  U294/X (SAEDRVT14_MUX2_MM_0P5)                   0.01      0.43 f
  tx_data_reg_reg_17_/D (SAEDRVT14_FDPRBQ_V2LP_0P5)
                                                   0.00      0.43 f
  data arrival time                                          0.43

  clock HCLK (rise edge)                           0.00      0.00
  clock network delay (propagated)                 0.38      0.38
  tx_data_reg_reg_17_/CK (SAEDRVT14_FDPRBQ_V2LP_0P5)
                                                   0.00      0.38 r
  library hold time                                0.01      0.39
  data required time                                         0.39
  ------------------------------------------------------------------------
  data required time                                         0.39
  data arrival time                                         -0.43
  ------------------------------------------------------------------------
  slack (MET)                                                0.04



  Startpoint: u_spi_fsm/shift_tx_reg_0_ (rising edge-triggered flip-flop clocked by HCLK)
  Endpoint: u_spi_fsm/shift_tx_reg_0_ (rising edge-triggered flip-flop clocked by HCLK)
  Mode: func_mode
  Corner: ff_corner
  Scenario: func_ff
  Path Group: HCLK
  Path Type: min

  Point                                            Incr      Path  
  ------------------------------------------------------------------------
  clock HCLK (rise edge)                           0.00      0.00
  clock network delay (propagated)                 0.38      0.38

  u_spi_fsm/shift_tx_reg_0_/CK (SAEDRVT14_FDPRBQ_V2LP_0P5)
                                                   0.00      0.38 r
  u_spi_fsm/shift_tx_reg_0_/Q (SAEDRVT14_FDPRBQ_V2LP_0P5)
                                                   0.03      0.41 f
  u_spi_fsm/U76/X (SAEDRVT14_AO222_1)              0.02      0.43 f
  u_spi_fsm/shift_tx_reg_0_/D (SAEDRVT14_FDPRBQ_V2LP_0P5)
                                                   0.00      0.43 f
  data arrival time                                          0.43

  clock HCLK (rise edge)                           0.00      0.00
  clock network delay (propagated)                 0.38      0.38
  u_spi_fsm/shift_tx_reg_0_/CK (SAEDRVT14_FDPRBQ_V2LP_0P5)
                                                   0.00      0.38 r
  library hold time                                0.01      0.39
  data required time                                         0.39
  ------------------------------------------------------------------------
  data required time                                         0.39
  data arrival time                                         -0.43
  ------------------------------------------------------------------------
  slack (MET)                                                0.04



  Startpoint: u_spi_fsm/shift_rx_reg_20_ (rising edge-triggered flip-flop clocked by HCLK)
  Endpoint: u_spi_fsm/shift_rx_reg_20_ (rising edge-triggered flip-flop clocked by HCLK)
  Mode: func_mode
  Corner: ff_corner
  Scenario: func_ff
  Path Group: HCLK
  Path Type: min

  Point                                            Incr      Path  
  ------------------------------------------------------------------------
  clock HCLK (rise edge)                           0.00      0.00
  clock network delay (propagated)                 0.38      0.38

  u_spi_fsm/shift_rx_reg_20_/CK (SAEDRVT14_FDPRBQ_V2LP_0P5)
                                                   0.00      0.38 r
  u_spi_fsm/shift_rx_reg_20_/Q (SAEDRVT14_FDPRBQ_V2LP_0P5)
                                                   0.03      0.42 f
  u_spi_fsm/U149/X (SAEDRVT14_INV_0P5)             0.01      0.42 r
  u_spi_fsm/U82/X (SAEDRVT14_OAI22_0P5)            0.01      0.43 f
  u_spi_fsm/shift_rx_reg_20_/D (SAEDRVT14_FDPRBQ_V2LP_0P5)
                                                   0.00      0.43 f
  data arrival time                                          0.43

  clock HCLK (rise edge)                           0.00      0.00
  clock network delay (propagated)                 0.38      0.38
  u_spi_fsm/shift_rx_reg_20_/CK (SAEDRVT14_FDPRBQ_V2LP_0P5)
                                                   0.00      0.38 r
  library hold time                                0.01      0.39
  data required time                                         0.39
  ------------------------------------------------------------------------
  data required time                                         0.39
  data arrival time                                         -0.43
  ------------------------------------------------------------------------
  slack (MET)                                                0.04



  Startpoint: tx_data_reg_reg_5_ (rising edge-triggered flip-flop clocked by HCLK)
  Endpoint: tx_data_reg_reg_5_ (rising edge-triggered flip-flop clocked by HCLK)
  Mode: func_mode
  Corner: ff_corner
  Scenario: func_ff
  Path Group: HCLK
  Path Type: min

  Point                                            Incr      Path  
  ------------------------------------------------------------------------
  clock HCLK (rise edge)                           0.00      0.00
  clock network delay (propagated)                 0.38      0.38

  tx_data_reg_reg_5_/CK (SAEDRVT14_FDPRBQ_V2LP_0P5)
                                                   0.00      0.38 r
  tx_data_reg_reg_5_/Q (SAEDRVT14_FDPRBQ_V2LP_0P5)
                                                   0.03      0.41 f
  U292/X (SAEDRVT14_MUX2_U_0P5)                    0.01      0.43 f
  tx_data_reg_reg_5_/D (SAEDRVT14_FDPRBQ_V2LP_0P5)
                                                   0.00      0.43 f
  data arrival time                                          0.43

  clock HCLK (rise edge)                           0.00      0.00
  clock network delay (propagated)                 0.38      0.38
  tx_data_reg_reg_5_/CK (SAEDRVT14_FDPRBQ_V2LP_0P5)
                                                   0.00      0.38 r
  library hold time                                0.01      0.39
  data required time                                         0.39
  ------------------------------------------------------------------------
  data required time                                         0.39
  data arrival time                                         -0.43
  ------------------------------------------------------------------------
  slack (MET)                                                0.04



  Startpoint: tx_data_reg_reg_1_ (rising edge-triggered flip-flop clocked by HCLK)
  Endpoint: tx_data_reg_reg_1_ (rising edge-triggered flip-flop clocked by HCLK)
  Mode: func_mode
  Corner: ff_corner
  Scenario: func_ff
  Path Group: HCLK
  Path Type: min

  Point                                            Incr      Path  
  ------------------------------------------------------------------------
  clock HCLK (rise edge)                           0.00      0.00
  clock network delay (propagated)                 0.38      0.38

  tx_data_reg_reg_1_/CK (SAEDRVT14_FDPRBQ_V2LP_0P5)
                                                   0.00      0.38 r
  tx_data_reg_reg_1_/Q (SAEDRVT14_FDPRBQ_V2LP_0P5)
                                                   0.03      0.41 f
  U274/X (SAEDRVT14_MUX2_U_0P5)                    0.01      0.43 f
  tx_data_reg_reg_1_/D (SAEDRVT14_FDPRBQ_V2LP_0P5)
                                                   0.00      0.43 f
  data arrival time                                          0.43

  clock HCLK (rise edge)                           0.00      0.00
  clock network delay (propagated)                 0.38      0.38
  tx_data_reg_reg_1_/CK (SAEDRVT14_FDPRBQ_V2LP_0P5)
                                                   0.00      0.38 r
  library hold time                                0.01      0.39
  data required time                                         0.39
  ------------------------------------------------------------------------
  data required time                                         0.39
  data arrival time                                         -0.43
  ------------------------------------------------------------------------
  slack (MET)                                                0.04



  Startpoint: addr_reg_reg_6_ (rising edge-triggered flip-flop clocked by HCLK)
  Endpoint: addr_reg_reg_6_ (rising edge-triggered flip-flop clocked by HCLK)
  Mode: func_mode
  Corner: ff_corner
  Scenario: func_ff
  Path Group: HCLK
  Path Type: min

  Point                                            Incr      Path  
  ------------------------------------------------------------------------
  clock HCLK (rise edge)                           0.00      0.00
  clock network delay (propagated)                 0.38      0.38

  addr_reg_reg_6_/CK (SAEDRVT14_FDPRBQ_V2LP_0P5)   0.00      0.38 r
  addr_reg_reg_6_/Q (SAEDRVT14_FDPRBQ_V2LP_0P5)    0.03      0.42 f
  U334/X (SAEDRVT14_MUX2_U_0P5)                    0.01      0.43 f
  addr_reg_reg_6_/D (SAEDRVT14_FDPRBQ_V2LP_0P5)    0.00      0.43 f
  data arrival time                                          0.43

  clock HCLK (rise edge)                           0.00      0.00
  clock network delay (propagated)                 0.38      0.38
  addr_reg_reg_6_/CK (SAEDRVT14_FDPRBQ_V2LP_0P5)   0.00      0.38 r
  library hold time                                0.01      0.39
  data required time                                         0.39
  ------------------------------------------------------------------------
  data required time                                         0.39
  data arrival time                                         -0.43
  ------------------------------------------------------------------------
  slack (MET)                                                0.04



  Startpoint: tx_data_reg_reg_30_ (rising edge-triggered flip-flop clocked by HCLK)
  Endpoint: u_spi_fsm/shift_tx_reg_30_ (rising edge-triggered flip-flop clocked by HCLK)
  Mode: func_mode
  Corner: ff_corner
  Scenario: func_ff
  Path Group: HCLK
  Path Type: min

  Point                                            Incr      Path  
  ------------------------------------------------------------------------
  clock HCLK (rise edge)                           0.00      0.00
  clock network delay (propagated)                 0.38      0.38

  tx_data_reg_reg_30_/CK (SAEDRVT14_FDPRBQ_V2LP_0P5)
                                                   0.00      0.38 r
  tx_data_reg_reg_30_/Q (SAEDRVT14_FDPRBQ_V2LP_0P5)
                                                   0.03      0.41 f
  u_spi_fsm/ctmTdsLR_2_1232/X (SAEDRVT14_AO21_U_0P5)
                                                   0.01      0.43 f
  u_spi_fsm/shift_tx_reg_30_/D (SAEDRVT14_FDPRBQ_V2LP_0P5)
                                                   0.00      0.43 f
  data arrival time                                          0.43

  clock HCLK (rise edge)                           0.00      0.00
  clock network delay (propagated)                 0.38      0.38
  u_spi_fsm/shift_tx_reg_30_/CK (SAEDRVT14_FDPRBQ_V2LP_0P5)
                                                   0.00      0.38 r
  library hold time                                0.01      0.39
  data required time                                         0.39
  ------------------------------------------------------------------------
  data required time                                         0.39
  data arrival time                                         -0.43
  ------------------------------------------------------------------------
  slack (MET)                                                0.04


1
