****************************************
Report : qor
Design : ahb_wrapper
Version: W-2024.09-SP3
Date   : Sun May 31 01:12:18 2026
****************************************
Information: The stitching and editing of coupling caps is turned OFF for design 'pure_xip_controller_mcmm.nlib:ahb_wrapper.design'. (TIM-125)
Information: Design ahb_wrapper has 958 nets, 0 global routed, 956 detail routed. (NEX-024)
Warning: Technology layer 'M4' setting 'pitch' is not valid (NEX-001)
Warning: Technology layer 'MRDL' setting 'pitch' is not valid (NEX-001)
Information: The RC mode used is DR for design 'ahb_wrapper'. (NEX-022)
---extraction options---
Corner: ss_corner
Corner: ff_corner
Global options:
 reference_direction       : use_from_tluplus
 real_metalfill_extraction : none
 virtual_shield_extraction : true
---app options---
 host.max_cores                   : 1
 extract.connect_open           : true
 extract.enable_coupling_cap    : false
Extracting design: ahb_wrapper 
Information: coupling capacitance is lumped to ground. (NEX-030)
Information: 956 nets are successfully extracted. (NEX-028)
Warning: Advanced receiver model has not been enabled for detailed routed design. (TIM-204)
Information: Update timing completed net estimation for all the timing graph nets (TIM-111)
Information: Net estimation statistics: timing graph nets = 956, routed nets = 956, across physical hierarchy nets = 0, parasitics cached nets = 956, delay annotated nets = 0, parasitics annotated nets = 0, multi-voltage nets = 0. (TIM-112)


Scenario           'func_ff'
Timing Path Group  '**in2reg_default**'
----------------------------------------
Worst Hold Violation:              0.00
Total Hold Violation:              0.00
No. of Hold Violations:               0
----------------------------------------

Scenario           'func_ff'
Timing Path Group  '**reg2out_default**'
----------------------------------------
Worst Hold Violation:              0.00
Total Hold Violation:              0.00
No. of Hold Violations:               0
----------------------------------------

Scenario           'func_ff'
Timing Path Group  '**in2out_default**'
----------------------------------------
Worst Hold Violation:              0.00
Total Hold Violation:              0.00
No. of Hold Violations:               0
----------------------------------------

Scenario           'func_ff'
Timing Path Group  'HCLK'
----------------------------------------
Worst Hold Violation:             -0.01
Total Hold Violation:             -0.02
No. of Hold Violations:              11
----------------------------------------

Scenario           'func_ss'
Timing Path Group  'HCLK'
----------------------------------------
Levels of Logic:                      4
Critical Path Length:              0.14
Critical Path Slack:               9.84
Critical Path Clk Period:         20.00
Total Negative Slack:              0.00
No. of Violating Paths:               0
----------------------------------------


Cell Count
----------------------------------------
Hierarchical Cell Count:              1
Hierarchical Port Count:             88
Leaf Cell Count:                    915
Buf/Inv Cell Count:                 518
Buf Cell Count:                     428
Inv Cell Count:                      90
Combinational Cell Count:           773
   Single-bit Isolation Cell Count:                        0
   Multi-bit Isolation Cell Count:                         0
   Isolation Cell Banking Ratio:                           0.00%
   Single-bit Level Shifter Cell Count:                    0
   Multi-bit Level Shifter Cell Count:                     0
   Level Shifter Cell Banking Ratio:                       0.00%
   Single-bit ELS Cell Count:                              0
   Multi-bit ELS Cell Count:                               0
   ELS Cell Banking Ratio:                                 0.00%
Sequential Cell Count:              142
   Integrated Clock-Gating Cell Count:                     0
   Sequential Macro Cell Count:                            0
   Single-bit Sequential Cell Count:                       142
   Multi-bit Sequential Cell Count:                        0
   Sequential Cell Banking Ratio:                          0.00%
   BitsPerflop:                                            1.00
Macro Count:                          0
----------------------------------------


Area
----------------------------------------
Combinational Area:              249.62
Noncombinational Area:           151.36
Buf/Inv Area:                    162.24
Total Buffer Area:               145.05
Total Inverter Area:              17.18
Macro/Black Box Area:              0.00
Net Area:                             0
Net XLength:                    2659.07
Net YLength:                    2797.25
----------------------------------------
Cell Area (netlist):                            400.98
Cell Area (netlist and physical only):          617.12
Net Length:                     5456.32


Design Rules
----------------------------------------
Total Number of Nets:               992
Nets with Violations:                 0
Max Trans Violations:                 0
Max Cap Violations:                   0
----------------------------------------

1
