 
****************************************
Report : area
Design : ahb_spi_legacy
Version: V-2023.12-SP2
Date   : Thu May 28 15:04:16 2026
****************************************

Library(s) Used:

    saed14rvt_tt0p8v25c (File: /data/synopsys/lib/saed14nm/lib/stdcell_rvt/db_nldm/saed14rvt_tt0p8v25c.db)

Number of ports:                          253
Number of nets:                           730
Number of cells:                          572
Number of combinational cells:            415
Number of sequential cells:               156
Number of macros/black boxes:               0
Number of buf/inv:                        101
Number of references:                      20

Combinational area:                132.267600
Buf/Inv area:                       18.026400
Noncombinational area:             166.278006
Macro/Black Box area:                0.000000
Net Interconnect area:             613.504924

Total cell area:                   298.545606
Total area:                        912.050530

Hierarchical area distribution
------------------------------

                                  Global cell area          Local cell area
                                  ------------------  --------------------------- 
Hierarchical cell                 Absolute   Percent  Combi-    Noncombi-  Black-
                                  Total      Total    national  national   boxes   Design
--------------------------------  ---------  -------  --------  ---------  ------  ------------------
ahb_spi_legacy                     298.5456    100.0   64.7796    88.4448  0.0000  ahb_spi_legacy
u_spi_fsm                          145.3212     48.7   67.4880    77.8332  0.0000  spi_serializer_fsm
--------------------------------  ---------  -------  --------  ---------  ------  ------------------
Total                                                 132.2676   166.2780  0.0000

1
