Information: Propagating switching activity (medium effort zero delay simulation). (PWR-6)
Warning: Design has unannotated primary inputs. (PWR-414)
Warning: Design has unannotated sequential cell outputs. (PWR-415)
 
****************************************
Report : power
        -analysis_effort medium
Design : ahb_spi_legacy
Version: V-2023.12-SP2
Date   : Sun May 31 03:10:25 2026
****************************************


Library(s) Used:

    saed14rvt_tt0p8v25c (File: /data/synopsys/lib/saed14nm/lib/stdcell_rvt/db_nldm/saed14rvt_tt0p8v25c.db)


Operating Conditions: tt0p8v25c   Library: saed14rvt_tt0p8v25c
Wire Load Model Mode: top

Design        Wire Load Model            Library
------------------------------------------------
ahb_spi_legacy         8000              saed14rvt_tt0p8v25c


Global Operating Voltage = 0.8  
Power-specific unit information :
    Voltage Units = 1V
    Capacitance Units = 1.000000ff
    Time Units = 1ns
    Dynamic Power Units = 1uW    (derived from V,C,T units)
    Leakage Power Units = 1pW


Attributes
----------
i - Including register clock pin internal power


  Cell Internal Power  =  10.4888 uW   (98%)
  Net Switching Power  = 166.3868 nW    (2%)
                         ---------
Total Dynamic Power    =  10.6552 uW  (100%)

Cell Leakage Power     =  90.3437 nW


                 Internal         Switching           Leakage            Total
Power Group      Power            Power               Power              Power   (   %    )  Attrs
--------------------------------------------------------------------------------------------------
io_pad             0.0000            0.0000            0.0000            0.0000  (   0.00%)
memory             0.0000            0.0000            0.0000            0.0000  (   0.00%)
black_box          0.0000            0.0000            0.0000            0.0000  (   0.00%)
clock_network     10.4512        2.0811e-05          142.4533           10.4514  (  97.26%)  i
register       1.9669e-02        2.4674e-03        5.3947e+04        7.6084e-02  (   0.71%)
sequential         0.0000            0.0000            0.0000            0.0000  (   0.00%)
combinational  1.7964e-02            0.1639        3.6254e+04            0.2181  (   2.03%)
--------------------------------------------------------------------------------------------------
Total             10.4888 uW         0.1664 uW     9.0344e+04 pW        10.7456 uW
1
