 
****************************************
Report : reference
Design : ahb_spi_legacy
Version: V-2023.12-SP2
Date   : Thu May 28 14:34:08 2026
****************************************

Attributes:
    b - black box (unknown)
   bo - allows boundary optimization
    d - dont_touch
   mo - map_only
    h - hierarchical
    n - noncombinational
    r - removable
    s - synthetic operator
    u - contains unmapped logic

Reference          Library       Unit Area   Count    Total Area   Attributes
-----------------------------------------------------------------------------
SAEDRVT14_AN3_0P5  saed14rvt_tt0p8v25c
                                  0.355200       2      0.710400  
SAEDRVT14_AO21B_0P5
                   saed14rvt_tt0p8v25c
                                  0.355200       2      0.710400  
SAEDRVT14_AO21_U_0P5
                   saed14rvt_tt0p8v25c
                                  0.355200       1      0.355200  
SAEDRVT14_AO22_0P5 saed14rvt_tt0p8v25c
                                  0.532800      24     12.787200  
SAEDRVT14_AO222_1  saed14rvt_tt0p8v25c
                                  0.754800       6      4.528800  
SAEDRVT14_AOI21_0P75
                   saed14rvt_tt0p8v25c
                                  0.266400       2      0.532800  
SAEDRVT14_FDPRBQ_V2LP_0P5
                   saed14rvt_tt0p8v25c
                                  1.065600       5      5.328000  n
SAEDRVT14_FDPRBQ_V2_0P5
                   saed14rvt_tt0p8v25c
                                  1.065600      78     83.116803  n
SAEDRVT14_INV_0P5  saed14rvt_tt0p8v25c
                                  0.177600       8      1.420800  
SAEDRVT14_ND2B_U_0P5
                   saed14rvt_tt0p8v25c
                                  0.310800       4      1.243200  
SAEDRVT14_ND2_CDC_1
                   saed14rvt_tt0p8v25c
                                  0.222000       3      0.666000  
SAEDRVT14_NR2_1    saed14rvt_tt0p8v25c
                                  0.222000      10      2.220000  
SAEDRVT14_OAI22_0P5
                   saed14rvt_tt0p8v25c
                                  0.310800       2      0.621600  
SAEDRVT14_OR3_0P5  saed14rvt_tt0p8v25c
                                  0.355200       1      0.355200  
SAEDRVT14_TIE0_V1_2
                   saed14rvt_tt0p8v25c
                                  0.488400       1      0.488400  
SAEDRVT14_TIE1_4   saed14rvt_tt0p8v25c
                                  0.399600       1      0.399600  
SNPS_CLOCK_GATE_HIGH_ahb_spi_legacy_0
                                  0.799200       1      0.799200  b, h
SNPS_CLOCK_GATE_HIGH_ahb_spi_legacy_1
                                  0.799200       1      0.799200  b, h
SNPS_CLOCK_GATE_HIGH_ahb_spi_legacy_2
                                  0.799200       1      0.799200  b, h
SNPS_CLOCK_GATE_HIGH_ahb_spi_legacy_3
                                  0.799200       1      0.799200  b, h
spi_serializer_fsm              133.200004       1    133.200004  b, h, n
-----------------------------------------------------------------------------
Total 21 references                                   251.881207

****************************************
Design: SNPS_CLOCK_GATE_HIGH_ahb_spi_legacy_0 
****************************************
Reference          Library       Unit Area   Count    Total Area   Attributes
-----------------------------------------------------------------------------
SAEDRVT14_CKGTPLT_V5_1
                   saed14rvt_tt0p8v25c
                                  0.799200       1      0.799200  b
-----------------------------------------------------------------------------
Total 1 references                                      0.799200

****************************************
Design: SNPS_CLOCK_GATE_HIGH_ahb_spi_legacy_1 
****************************************
Reference          Library       Unit Area   Count    Total Area   Attributes
-----------------------------------------------------------------------------
SAEDRVT14_CKGTPLT_V5_1
                   saed14rvt_tt0p8v25c
                                  0.799200       1      0.799200  b
-----------------------------------------------------------------------------
Total 1 references                                      0.799200

****************************************
Design: SNPS_CLOCK_GATE_HIGH_ahb_spi_legacy_2 
****************************************
Reference          Library       Unit Area   Count    Total Area   Attributes
-----------------------------------------------------------------------------
SAEDRVT14_CKGTPLT_V5_1
                   saed14rvt_tt0p8v25c
                                  0.799200       1      0.799200  b
-----------------------------------------------------------------------------
Total 1 references                                      0.799200

****************************************
Design: SNPS_CLOCK_GATE_HIGH_ahb_spi_legacy_3 
****************************************
Reference          Library       Unit Area   Count    Total Area   Attributes
-----------------------------------------------------------------------------
SAEDRVT14_CKGTPLT_V5_1
                   saed14rvt_tt0p8v25c
                                  0.799200       1      0.799200  b
-----------------------------------------------------------------------------
Total 1 references                                      0.799200

****************************************
Design: spi_serializer_fsm 
****************************************
Reference          Library       Unit Area   Count    Total Area   Attributes
-----------------------------------------------------------------------------
SAEDRVT14_AN2B_MM_1
                   saed14rvt_tt0p8v25c
                                  0.399600      31     12.387600  
SAEDRVT14_AN2_MM_0P5
                   saed14rvt_tt0p8v25c
                                  0.310800       1      0.310800  
SAEDRVT14_AN4_0P5  saed14rvt_tt0p8v25c
                                  0.399600       1      0.399600  
SAEDRVT14_AO21B_0P5
                   saed14rvt_tt0p8v25c
                                  0.355200       8      2.841600  
SAEDRVT14_AO22_0P5 saed14rvt_tt0p8v25c
                                  0.532800       9      4.795200  
SAEDRVT14_AO32_U_0P5
                   saed14rvt_tt0p8v25c
                                  0.444000       2      0.888000  
SAEDRVT14_AO222_1  saed14rvt_tt0p8v25c
                                  0.754800      23     17.360400  
SAEDRVT14_AOI21_0P75
                   saed14rvt_tt0p8v25c
                                  0.266400      11      2.930400  
SAEDRVT14_BUF_U_0P5
                   saed14rvt_tt0p8v25c
                                  0.266400       3      0.799200  
SAEDRVT14_FDPRBQ_V2LP_0P5
                   saed14rvt_tt0p8v25c
                                  1.065600       7      7.459200  n
SAEDRVT14_FDPRBQ_V2_0P5
                   saed14rvt_tt0p8v25c
                                  1.065600      67     71.395203  n
SAEDRVT14_INV_0P5  saed14rvt_tt0p8v25c
                                  0.177600      14      2.486400  
SAEDRVT14_ND2_CDC_1
                   saed14rvt_tt0p8v25c
                                  0.222000       6      1.332000  
SAEDRVT14_NR2_1    saed14rvt_tt0p8v25c
                                  0.222000      11      2.442000  
SAEDRVT14_OA31_1   saed14rvt_tt0p8v25c
                                  0.399600       1      0.399600  
SAEDRVT14_OAI21_0P5
                   saed14rvt_tt0p8v25c
                                  0.266400       6      1.598400  
SAEDRVT14_OAI22_0P5
                   saed14rvt_tt0p8v25c
                                  0.310800       2      0.621600  
SAEDRVT14_OR2_MM_0P5
                   saed14rvt_tt0p8v25c
                                  0.310800       1      0.310800  
SAEDRVT14_OR3_0P5  saed14rvt_tt0p8v25c
                                  0.355200       1      0.355200  
SAEDRVT14_TIE0_V1_2
                   saed14rvt_tt0p8v25c
                                  0.488400       1      0.488400  
SNPS_CLOCK_GATE_HIGH_spi_serializer_fsm_0
                                  0.799200       1      0.799200  b, h
SNPS_CLOCK_GATE_HIGH_spi_serializer_fsm_1
                                  0.799200       1      0.799200  b, h
-----------------------------------------------------------------------------
Total 22 references                                   133.200004

****************************************
Design: SNPS_CLOCK_GATE_HIGH_spi_serializer_fsm_0 
****************************************
Reference          Library       Unit Area   Count    Total Area   Attributes
-----------------------------------------------------------------------------
SAEDRVT14_CKGTPLT_V5_1
                   saed14rvt_tt0p8v25c
                                  0.799200       1      0.799200  b
-----------------------------------------------------------------------------
Total 1 references                                      0.799200

****************************************
Design: SNPS_CLOCK_GATE_HIGH_spi_serializer_fsm_1 
****************************************
Reference          Library       Unit Area   Count    Total Area   Attributes
-----------------------------------------------------------------------------
SAEDRVT14_CKGTPLT_V5_1
                   saed14rvt_tt0p8v25c
                                  0.799200       1      0.799200  b
-----------------------------------------------------------------------------
Total 1 references                                      0.799200
1
