 
****************************************
Report : timing
        -path full
        -delay min
        -max_paths 20
Design : ahb_wrapper
Version: V-2023.12-SP2
Date   : Thu May 28 18:00:56 2026
****************************************

Operating Conditions: tt0p8v25c   Library: saed14rvt_tt0p8v25c
Wire Load Model Mode: top

  Startpoint: u_core/rx_reg_reg[23]
              (rising edge-triggered flip-flop clocked by HCLK)
  Endpoint: ahb_rdata_reg_reg[23]
            (rising edge-triggered flip-flop clocked by HCLK)
  Path Group: HCLK
  Path Type: min

  Des/Clust/Port     Wire Load Model       Library
  ------------------------------------------------
  ahb_wrapper        8000                  saed14rvt_tt0p8v25c

  Point                                                   Incr       Path
  --------------------------------------------------------------------------
  clock HCLK (rise edge)                                  0.00       0.00
  clock network delay (ideal)                             0.00       0.00
  u_core/rx_reg_reg[23]/CK (SAEDRVT14_FDPRBQ_V2_0P5)      0.00       0.00 r
  u_core/rx_reg_reg[23]/Q (SAEDRVT14_FDPRBQ_V2_0P5)       0.05       0.05 f
  u_core/rx_data[23] (qspi_pure_xip)                      0.00       0.05 f
  U117/X (SAEDRVT14_MUX2_U_0P5)                           0.02       0.07 f
  ahb_rdata_reg_reg[23]/D (SAEDRVT14_FDPRBQ_V2LP_0P5)     0.01       0.07 f
  data arrival time                                                  0.07

  clock HCLK (rise edge)                                  0.00       0.00
  clock network delay (ideal)                             0.00       0.00
  clock uncertainty                                       0.10       0.10
  ahb_rdata_reg_reg[23]/CK (SAEDRVT14_FDPRBQ_V2LP_0P5)
                                                          0.00       0.10 r
  library hold time                                       0.04       0.14
  data required time                                                 0.14
  --------------------------------------------------------------------------
  data required time                                                 0.14
  data arrival time                                                 -0.07
  --------------------------------------------------------------------------
  slack (VIOLATED)                                                  -0.07


  Startpoint: u_core/rx_reg_reg[8]
              (rising edge-triggered flip-flop clocked by HCLK)
  Endpoint: ahb_rdata_reg_reg[8]
            (rising edge-triggered flip-flop clocked by HCLK)
  Path Group: HCLK
  Path Type: min

  Des/Clust/Port     Wire Load Model       Library
  ------------------------------------------------
  ahb_wrapper        8000                  saed14rvt_tt0p8v25c

  Point                                                   Incr       Path
  --------------------------------------------------------------------------
  clock HCLK (rise edge)                                  0.00       0.00
  clock network delay (ideal)                             0.00       0.00
  u_core/rx_reg_reg[8]/CK (SAEDRVT14_FDPRBQ_V2_0P5)       0.00       0.00 r
  u_core/rx_reg_reg[8]/Q (SAEDRVT14_FDPRBQ_V2_0P5)        0.05       0.05 f
  u_core/rx_data[8] (qspi_pure_xip)                       0.00       0.05 f
  U133/X (SAEDRVT14_MUX2_U_0P5)                           0.02       0.07 f
  ahb_rdata_reg_reg[8]/D (SAEDRVT14_FDPRBQ_V2LP_0P5)      0.01       0.07 f
  data arrival time                                                  0.07

  clock HCLK (rise edge)                                  0.00       0.00
  clock network delay (ideal)                             0.00       0.00
  clock uncertainty                                       0.10       0.10
  ahb_rdata_reg_reg[8]/CK (SAEDRVT14_FDPRBQ_V2LP_0P5)     0.00       0.10 r
  library hold time                                       0.04       0.14
  data required time                                                 0.14
  --------------------------------------------------------------------------
  data required time                                                 0.14
  data arrival time                                                 -0.07
  --------------------------------------------------------------------------
  slack (VIOLATED)                                                  -0.07


  Startpoint: a_reg_reg[10]
              (rising edge-triggered flip-flop clocked by HCLK)
  Endpoint: u_core/sreg_reg[10]
            (rising edge-triggered flip-flop clocked by HCLK)
  Path Group: HCLK
  Path Type: min

  Des/Clust/Port     Wire Load Model       Library
  ------------------------------------------------
  ahb_wrapper        8000                  saed14rvt_tt0p8v25c

  Point                                                   Incr       Path
  --------------------------------------------------------------------------
  clock HCLK (rise edge)                                  0.00       0.00
  clock network delay (ideal)                             0.00       0.00
  a_reg_reg[10]/CK (SAEDRVT14_FDPRBQ_V2_0P5)              0.00       0.00 r
  a_reg_reg[10]/Q (SAEDRVT14_FDPRBQ_V2_0P5)               0.05       0.05 f
  u_core/addr_in[10] (qspi_pure_xip)                      0.00       0.05 f
  u_core/U214/X (SAEDRVT14_AOI21_0P75)                    0.02       0.07 r
  u_core/U13/X (SAEDRVT14_OAI21_0P5)                      0.01       0.08 f
  u_core/sreg_reg[10]/D (SAEDRVT14_FDPRBQ_V2LP_0P5)       0.01       0.08 f
  data arrival time                                                  0.08

  clock HCLK (rise edge)                                  0.00       0.00
  clock network delay (ideal)                             0.00       0.00
  clock uncertainty                                       0.10       0.10
  u_core/sreg_reg[10]/CK (SAEDRVT14_FDPRBQ_V2LP_0P5)      0.00       0.10 r
  library hold time                                       0.04       0.14
  data required time                                                 0.14
  --------------------------------------------------------------------------
  data required time                                                 0.14
  data arrival time                                                 -0.08
  --------------------------------------------------------------------------
  slack (VIOLATED)                                                  -0.06


  Startpoint: a_reg_reg[25]
              (rising edge-triggered flip-flop clocked by HCLK)
  Endpoint: u_core/sreg_reg[25]
            (rising edge-triggered flip-flop clocked by HCLK)
  Path Group: HCLK
  Path Type: min

  Des/Clust/Port     Wire Load Model       Library
  ------------------------------------------------
  ahb_wrapper        8000                  saed14rvt_tt0p8v25c

  Point                                                   Incr       Path
  --------------------------------------------------------------------------
  clock HCLK (rise edge)                                  0.00       0.00
  clock network delay (ideal)                             0.00       0.00
  a_reg_reg[25]/CK (SAEDRVT14_FDPRBQ_V2_0P5)              0.00       0.00 r
  a_reg_reg[25]/Q (SAEDRVT14_FDPRBQ_V2_0P5)               0.05       0.05 f
  u_core/addr_in[25] (qspi_pure_xip)                      0.00       0.05 f
  u_core/U242/X (SAEDRVT14_AOI21_0P75)                    0.02       0.07 r
  u_core/U243/X (SAEDRVT14_OAI21_0P5)                     0.01       0.08 f
  u_core/sreg_reg[25]/D (SAEDRVT14_FDPRBQ_V2LP_0P5)       0.01       0.08 f
  data arrival time                                                  0.08

  clock HCLK (rise edge)                                  0.00       0.00
  clock network delay (ideal)                             0.00       0.00
  clock uncertainty                                       0.10       0.10
  u_core/sreg_reg[25]/CK (SAEDRVT14_FDPRBQ_V2LP_0P5)      0.00       0.10 r
  library hold time                                       0.04       0.14
  data required time                                                 0.14
  --------------------------------------------------------------------------
  data required time                                                 0.14
  data arrival time                                                 -0.08
  --------------------------------------------------------------------------
  slack (VIOLATED)                                                  -0.06


  Startpoint: a_reg_reg[2]
              (rising edge-triggered flip-flop clocked by HCLK)
  Endpoint: a_reg_reg[2]
            (rising edge-triggered flip-flop clocked by HCLK)
  Path Group: HCLK
  Path Type: min

  Des/Clust/Port     Wire Load Model       Library
  ------------------------------------------------
  ahb_wrapper        8000                  saed14rvt_tt0p8v25c

  Point                                                   Incr       Path
  --------------------------------------------------------------------------
  clock HCLK (rise edge)                                  0.00       0.00
  clock network delay (ideal)                             0.00       0.00
  a_reg_reg[2]/CK (SAEDRVT14_FDPRBQ_V2LP_0P5)             0.00       0.00 r
  a_reg_reg[2]/Q (SAEDRVT14_FDPRBQ_V2LP_0P5)              0.06       0.06 f
  U105/X (SAEDRVT14_MUX2_U_0P5)                           0.02       0.08 f
  a_reg_reg[2]/D (SAEDRVT14_FDPRBQ_V2LP_0P5)              0.01       0.08 f
  data arrival time                                                  0.08

  clock HCLK (rise edge)                                  0.00       0.00
  clock network delay (ideal)                             0.00       0.00
  clock uncertainty                                       0.10       0.10
  a_reg_reg[2]/CK (SAEDRVT14_FDPRBQ_V2LP_0P5)             0.00       0.10 r
  library hold time                                       0.04       0.14
  data required time                                                 0.14
  --------------------------------------------------------------------------
  data required time                                                 0.14
  data arrival time                                                 -0.08
  --------------------------------------------------------------------------
  slack (VIOLATED)                                                  -0.06


  Startpoint: a_reg_reg[17]
              (rising edge-triggered flip-flop clocked by HCLK)
  Endpoint: a_reg_reg[17]
            (rising edge-triggered flip-flop clocked by HCLK)
  Path Group: HCLK
  Path Type: min

  Des/Clust/Port     Wire Load Model       Library
  ------------------------------------------------
  ahb_wrapper        8000                  saed14rvt_tt0p8v25c

  Point                                                   Incr       Path
  --------------------------------------------------------------------------
  clock HCLK (rise edge)                                  0.00       0.00
  clock network delay (ideal)                             0.00       0.00
  a_reg_reg[17]/CK (SAEDRVT14_FDPRBQ_V2LP_0P5)            0.00       0.00 r
  a_reg_reg[17]/Q (SAEDRVT14_FDPRBQ_V2LP_0P5)             0.06       0.06 f
  U90/X (SAEDRVT14_MUX2_U_0P5)                            0.02       0.08 f
  a_reg_reg[17]/D (SAEDRVT14_FDPRBQ_V2LP_0P5)             0.01       0.08 f
  data arrival time                                                  0.08

  clock HCLK (rise edge)                                  0.00       0.00
  clock network delay (ideal)                             0.00       0.00
  clock uncertainty                                       0.10       0.10
  a_reg_reg[17]/CK (SAEDRVT14_FDPRBQ_V2LP_0P5)            0.00       0.10 r
  library hold time                                       0.04       0.14
  data required time                                                 0.14
  --------------------------------------------------------------------------
  data required time                                                 0.14
  data arrival time                                                 -0.08
  --------------------------------------------------------------------------
  slack (VIOLATED)                                                  -0.06


  Startpoint: u_core/rx_reg_reg[31]
              (rising edge-triggered flip-flop clocked by HCLK)
  Endpoint: ahb_rdata_reg_reg[31]
            (rising edge-triggered flip-flop clocked by HCLK)
  Path Group: HCLK
  Path Type: min

  Des/Clust/Port     Wire Load Model       Library
  ------------------------------------------------
  ahb_wrapper        8000                  saed14rvt_tt0p8v25c

  Point                                                   Incr       Path
  --------------------------------------------------------------------------
  clock HCLK (rise edge)                                  0.00       0.00
  clock network delay (ideal)                             0.00       0.00
  u_core/rx_reg_reg[31]/CK (SAEDRVT14_FDPRBQ_V2_0P5)      0.00       0.00 r
  u_core/rx_reg_reg[31]/Q (SAEDRVT14_FDPRBQ_V2_0P5)       0.05       0.05 f
  u_core/rx_data[31] (qspi_pure_xip)                      0.00       0.05 f
  U109/X (SAEDRVT14_MUX2_U_0P5)                           0.02       0.07 f
  ahb_rdata_reg_reg[31]/D (SAEDRVT14_FDPRBQ_V2_0P5)       0.01       0.07 f
  data arrival time                                                  0.07

  clock HCLK (rise edge)                                  0.00       0.00
  clock network delay (ideal)                             0.00       0.00
  clock uncertainty                                       0.10       0.10
  ahb_rdata_reg_reg[31]/CK (SAEDRVT14_FDPRBQ_V2_0P5)      0.00       0.10 r
  library hold time                                       0.03       0.13
  data required time                                                 0.13
  --------------------------------------------------------------------------
  data required time                                                 0.13
  data arrival time                                                 -0.07
  --------------------------------------------------------------------------
  slack (VIOLATED)                                                  -0.06


  Startpoint: u_core/rx_reg_reg[30]
              (rising edge-triggered flip-flop clocked by HCLK)
  Endpoint: ahb_rdata_reg_reg[30]
            (rising edge-triggered flip-flop clocked by HCLK)
  Path Group: HCLK
  Path Type: min

  Des/Clust/Port     Wire Load Model       Library
  ------------------------------------------------
  ahb_wrapper        8000                  saed14rvt_tt0p8v25c

  Point                                                   Incr       Path
  --------------------------------------------------------------------------
  clock HCLK (rise edge)                                  0.00       0.00
  clock network delay (ideal)                             0.00       0.00
  u_core/rx_reg_reg[30]/CK (SAEDRVT14_FDPRBQ_V2_0P5)      0.00       0.00 r
  u_core/rx_reg_reg[30]/Q (SAEDRVT14_FDPRBQ_V2_0P5)       0.05       0.05 f
  u_core/rx_data[30] (qspi_pure_xip)                      0.00       0.05 f
  U110/X (SAEDRVT14_MUX2_U_0P5)                           0.02       0.07 f
  ahb_rdata_reg_reg[30]/D (SAEDRVT14_FDPRBQ_V2_0P5)       0.01       0.07 f
  data arrival time                                                  0.07

  clock HCLK (rise edge)                                  0.00       0.00
  clock network delay (ideal)                             0.00       0.00
  clock uncertainty                                       0.10       0.10
  ahb_rdata_reg_reg[30]/CK (SAEDRVT14_FDPRBQ_V2_0P5)      0.00       0.10 r
  library hold time                                       0.03       0.13
  data required time                                                 0.13
  --------------------------------------------------------------------------
  data required time                                                 0.13
  data arrival time                                                 -0.07
  --------------------------------------------------------------------------
  slack (VIOLATED)                                                  -0.06


  Startpoint: u_core/rx_reg_reg[29]
              (rising edge-triggered flip-flop clocked by HCLK)
  Endpoint: ahb_rdata_reg_reg[29]
            (rising edge-triggered flip-flop clocked by HCLK)
  Path Group: HCLK
  Path Type: min

  Des/Clust/Port     Wire Load Model       Library
  ------------------------------------------------
  ahb_wrapper        8000                  saed14rvt_tt0p8v25c

  Point                                                   Incr       Path
  --------------------------------------------------------------------------
  clock HCLK (rise edge)                                  0.00       0.00
  clock network delay (ideal)                             0.00       0.00
  u_core/rx_reg_reg[29]/CK (SAEDRVT14_FDPRBQ_V2_0P5)      0.00       0.00 r
  u_core/rx_reg_reg[29]/Q (SAEDRVT14_FDPRBQ_V2_0P5)       0.05       0.05 f
  u_core/rx_data[29] (qspi_pure_xip)                      0.00       0.05 f
  U111/X (SAEDRVT14_MUX2_U_0P5)                           0.02       0.07 f
  ahb_rdata_reg_reg[29]/D (SAEDRVT14_FDPRBQ_V2_0P5)       0.01       0.07 f
  data arrival time                                                  0.07

  clock HCLK (rise edge)                                  0.00       0.00
  clock network delay (ideal)                             0.00       0.00
  clock uncertainty                                       0.10       0.10
  ahb_rdata_reg_reg[29]/CK (SAEDRVT14_FDPRBQ_V2_0P5)      0.00       0.10 r
  library hold time                                       0.03       0.13
  data required time                                                 0.13
  --------------------------------------------------------------------------
  data required time                                                 0.13
  data arrival time                                                 -0.07
  --------------------------------------------------------------------------
  slack (VIOLATED)                                                  -0.06


  Startpoint: u_core/rx_reg_reg[28]
              (rising edge-triggered flip-flop clocked by HCLK)
  Endpoint: ahb_rdata_reg_reg[28]
            (rising edge-triggered flip-flop clocked by HCLK)
  Path Group: HCLK
  Path Type: min

  Des/Clust/Port     Wire Load Model       Library
  ------------------------------------------------
  ahb_wrapper        8000                  saed14rvt_tt0p8v25c

  Point                                                   Incr       Path
  --------------------------------------------------------------------------
  clock HCLK (rise edge)                                  0.00       0.00
  clock network delay (ideal)                             0.00       0.00
  u_core/rx_reg_reg[28]/CK (SAEDRVT14_FDPRBQ_V2_0P5)      0.00       0.00 r
  u_core/rx_reg_reg[28]/Q (SAEDRVT14_FDPRBQ_V2_0P5)       0.05       0.05 f
  u_core/rx_data[28] (qspi_pure_xip)                      0.00       0.05 f
  U112/X (SAEDRVT14_MUX2_U_0P5)                           0.02       0.07 f
  ahb_rdata_reg_reg[28]/D (SAEDRVT14_FDPRBQ_V2_0P5)       0.01       0.07 f
  data arrival time                                                  0.07

  clock HCLK (rise edge)                                  0.00       0.00
  clock network delay (ideal)                             0.00       0.00
  clock uncertainty                                       0.10       0.10
  ahb_rdata_reg_reg[28]/CK (SAEDRVT14_FDPRBQ_V2_0P5)      0.00       0.10 r
  library hold time                                       0.03       0.13
  data required time                                                 0.13
  --------------------------------------------------------------------------
  data required time                                                 0.13
  data arrival time                                                 -0.07
  --------------------------------------------------------------------------
  slack (VIOLATED)                                                  -0.06


  Startpoint: u_core/rx_reg_reg[27]
              (rising edge-triggered flip-flop clocked by HCLK)
  Endpoint: ahb_rdata_reg_reg[27]
            (rising edge-triggered flip-flop clocked by HCLK)
  Path Group: HCLK
  Path Type: min

  Des/Clust/Port     Wire Load Model       Library
  ------------------------------------------------
  ahb_wrapper        8000                  saed14rvt_tt0p8v25c

  Point                                                   Incr       Path
  --------------------------------------------------------------------------
  clock HCLK (rise edge)                                  0.00       0.00
  clock network delay (ideal)                             0.00       0.00
  u_core/rx_reg_reg[27]/CK (SAEDRVT14_FDPRBQ_V2_0P5)      0.00       0.00 r
  u_core/rx_reg_reg[27]/Q (SAEDRVT14_FDPRBQ_V2_0P5)       0.05       0.05 f
  u_core/rx_data[27] (qspi_pure_xip)                      0.00       0.05 f
  U113/X (SAEDRVT14_MUX2_U_0P5)                           0.02       0.07 f
  ahb_rdata_reg_reg[27]/D (SAEDRVT14_FDPRBQ_V2_0P5)       0.01       0.07 f
  data arrival time                                                  0.07

  clock HCLK (rise edge)                                  0.00       0.00
  clock network delay (ideal)                             0.00       0.00
  clock uncertainty                                       0.10       0.10
  ahb_rdata_reg_reg[27]/CK (SAEDRVT14_FDPRBQ_V2_0P5)      0.00       0.10 r
  library hold time                                       0.03       0.13
  data required time                                                 0.13
  --------------------------------------------------------------------------
  data required time                                                 0.13
  data arrival time                                                 -0.07
  --------------------------------------------------------------------------
  slack (VIOLATED)                                                  -0.06


  Startpoint: u_core/rx_reg_reg[26]
              (rising edge-triggered flip-flop clocked by HCLK)
  Endpoint: ahb_rdata_reg_reg[26]
            (rising edge-triggered flip-flop clocked by HCLK)
  Path Group: HCLK
  Path Type: min

  Des/Clust/Port     Wire Load Model       Library
  ------------------------------------------------
  ahb_wrapper        8000                  saed14rvt_tt0p8v25c

  Point                                                   Incr       Path
  --------------------------------------------------------------------------
  clock HCLK (rise edge)                                  0.00       0.00
  clock network delay (ideal)                             0.00       0.00
  u_core/rx_reg_reg[26]/CK (SAEDRVT14_FDPRBQ_V2_0P5)      0.00       0.00 r
  u_core/rx_reg_reg[26]/Q (SAEDRVT14_FDPRBQ_V2_0P5)       0.05       0.05 f
  u_core/rx_data[26] (qspi_pure_xip)                      0.00       0.05 f
  U114/X (SAEDRVT14_MUX2_U_0P5)                           0.02       0.07 f
  ahb_rdata_reg_reg[26]/D (SAEDRVT14_FDPRBQ_V2_0P5)       0.01       0.07 f
  data arrival time                                                  0.07

  clock HCLK (rise edge)                                  0.00       0.00
  clock network delay (ideal)                             0.00       0.00
  clock uncertainty                                       0.10       0.10
  ahb_rdata_reg_reg[26]/CK (SAEDRVT14_FDPRBQ_V2_0P5)      0.00       0.10 r
  library hold time                                       0.03       0.13
  data required time                                                 0.13
  --------------------------------------------------------------------------
  data required time                                                 0.13
  data arrival time                                                 -0.07
  --------------------------------------------------------------------------
  slack (VIOLATED)                                                  -0.06


  Startpoint: u_core/rx_reg_reg[25]
              (rising edge-triggered flip-flop clocked by HCLK)
  Endpoint: ahb_rdata_reg_reg[25]
            (rising edge-triggered flip-flop clocked by HCLK)
  Path Group: HCLK
  Path Type: min

  Des/Clust/Port     Wire Load Model       Library
  ------------------------------------------------
  ahb_wrapper        8000                  saed14rvt_tt0p8v25c

  Point                                                   Incr       Path
  --------------------------------------------------------------------------
  clock HCLK (rise edge)                                  0.00       0.00
  clock network delay (ideal)                             0.00       0.00
  u_core/rx_reg_reg[25]/CK (SAEDRVT14_FDPRBQ_V2_0P5)      0.00       0.00 r
  u_core/rx_reg_reg[25]/Q (SAEDRVT14_FDPRBQ_V2_0P5)       0.05       0.05 f
  u_core/rx_data[25] (qspi_pure_xip)                      0.00       0.05 f
  U115/X (SAEDRVT14_MUX2_U_0P5)                           0.02       0.07 f
  ahb_rdata_reg_reg[25]/D (SAEDRVT14_FDPRBQ_V2_0P5)       0.01       0.07 f
  data arrival time                                                  0.07

  clock HCLK (rise edge)                                  0.00       0.00
  clock network delay (ideal)                             0.00       0.00
  clock uncertainty                                       0.10       0.10
  ahb_rdata_reg_reg[25]/CK (SAEDRVT14_FDPRBQ_V2_0P5)      0.00       0.10 r
  library hold time                                       0.03       0.13
  data required time                                                 0.13
  --------------------------------------------------------------------------
  data required time                                                 0.13
  data arrival time                                                 -0.07
  --------------------------------------------------------------------------
  slack (VIOLATED)                                                  -0.06


  Startpoint: u_core/rx_reg_reg[24]
              (rising edge-triggered flip-flop clocked by HCLK)
  Endpoint: ahb_rdata_reg_reg[24]
            (rising edge-triggered flip-flop clocked by HCLK)
  Path Group: HCLK
  Path Type: min

  Des/Clust/Port     Wire Load Model       Library
  ------------------------------------------------
  ahb_wrapper        8000                  saed14rvt_tt0p8v25c

  Point                                                   Incr       Path
  --------------------------------------------------------------------------
  clock HCLK (rise edge)                                  0.00       0.00
  clock network delay (ideal)                             0.00       0.00
  u_core/rx_reg_reg[24]/CK (SAEDRVT14_FDPRBQ_V2_0P5)      0.00       0.00 r
  u_core/rx_reg_reg[24]/Q (SAEDRVT14_FDPRBQ_V2_0P5)       0.05       0.05 f
  u_core/rx_data[24] (qspi_pure_xip)                      0.00       0.05 f
  U116/X (SAEDRVT14_MUX2_U_0P5)                           0.02       0.07 f
  ahb_rdata_reg_reg[24]/D (SAEDRVT14_FDPRBQ_V2_0P5)       0.01       0.07 f
  data arrival time                                                  0.07

  clock HCLK (rise edge)                                  0.00       0.00
  clock network delay (ideal)                             0.00       0.00
  clock uncertainty                                       0.10       0.10
  ahb_rdata_reg_reg[24]/CK (SAEDRVT14_FDPRBQ_V2_0P5)      0.00       0.10 r
  library hold time                                       0.03       0.13
  data required time                                                 0.13
  --------------------------------------------------------------------------
  data required time                                                 0.13
  data arrival time                                                 -0.07
  --------------------------------------------------------------------------
  slack (VIOLATED)                                                  -0.06


  Startpoint: u_core/rx_reg_reg[22]
              (rising edge-triggered flip-flop clocked by HCLK)
  Endpoint: ahb_rdata_reg_reg[22]
            (rising edge-triggered flip-flop clocked by HCLK)
  Path Group: HCLK
  Path Type: min

  Des/Clust/Port     Wire Load Model       Library
  ------------------------------------------------
  ahb_wrapper        8000                  saed14rvt_tt0p8v25c

  Point                                                   Incr       Path
  --------------------------------------------------------------------------
  clock HCLK (rise edge)                                  0.00       0.00
  clock network delay (ideal)                             0.00       0.00
  u_core/rx_reg_reg[22]/CK (SAEDRVT14_FDPRBQ_V2_0P5)      0.00       0.00 r
  u_core/rx_reg_reg[22]/Q (SAEDRVT14_FDPRBQ_V2_0P5)       0.05       0.05 f
  u_core/rx_data[22] (qspi_pure_xip)                      0.00       0.05 f
  U118/X (SAEDRVT14_MUX2_U_0P5)                           0.02       0.07 f
  ahb_rdata_reg_reg[22]/D (SAEDRVT14_FDPRBQ_V2_0P5)       0.01       0.07 f
  data arrival time                                                  0.07

  clock HCLK (rise edge)                                  0.00       0.00
  clock network delay (ideal)                             0.00       0.00
  clock uncertainty                                       0.10       0.10
  ahb_rdata_reg_reg[22]/CK (SAEDRVT14_FDPRBQ_V2_0P5)      0.00       0.10 r
  library hold time                                       0.03       0.13
  data required time                                                 0.13
  --------------------------------------------------------------------------
  data required time                                                 0.13
  data arrival time                                                 -0.07
  --------------------------------------------------------------------------
  slack (VIOLATED)                                                  -0.06


  Startpoint: u_core/rx_reg_reg[7]
              (rising edge-triggered flip-flop clocked by HCLK)
  Endpoint: ahb_rdata_reg_reg[7]
            (rising edge-triggered flip-flop clocked by HCLK)
  Path Group: HCLK
  Path Type: min

  Des/Clust/Port     Wire Load Model       Library
  ------------------------------------------------
  ahb_wrapper        8000                  saed14rvt_tt0p8v25c

  Point                                                   Incr       Path
  --------------------------------------------------------------------------
  clock HCLK (rise edge)                                  0.00       0.00
  clock network delay (ideal)                             0.00       0.00
  u_core/rx_reg_reg[7]/CK (SAEDRVT14_FDPRBQ_V2_0P5)       0.00       0.00 r
  u_core/rx_reg_reg[7]/Q (SAEDRVT14_FDPRBQ_V2_0P5)        0.05       0.05 f
  u_core/rx_data[7] (qspi_pure_xip)                       0.00       0.05 f
  U134/X (SAEDRVT14_MUX2_U_0P5)                           0.02       0.07 f
  ahb_rdata_reg_reg[7]/D (SAEDRVT14_FDPRBQ_V2_0P5)        0.01       0.07 f
  data arrival time                                                  0.07

  clock HCLK (rise edge)                                  0.00       0.00
  clock network delay (ideal)                             0.00       0.00
  clock uncertainty                                       0.10       0.10
  ahb_rdata_reg_reg[7]/CK (SAEDRVT14_FDPRBQ_V2_0P5)       0.00       0.10 r
  library hold time                                       0.03       0.13
  data required time                                                 0.13
  --------------------------------------------------------------------------
  data required time                                                 0.13
  data arrival time                                                 -0.07
  --------------------------------------------------------------------------
  slack (VIOLATED)                                                  -0.06


  Startpoint: u_core/rx_reg_reg[6]
              (rising edge-triggered flip-flop clocked by HCLK)
  Endpoint: ahb_rdata_reg_reg[6]
            (rising edge-triggered flip-flop clocked by HCLK)
  Path Group: HCLK
  Path Type: min

  Des/Clust/Port     Wire Load Model       Library
  ------------------------------------------------
  ahb_wrapper        8000                  saed14rvt_tt0p8v25c

  Point                                                   Incr       Path
  --------------------------------------------------------------------------
  clock HCLK (rise edge)                                  0.00       0.00
  clock network delay (ideal)                             0.00       0.00
  u_core/rx_reg_reg[6]/CK (SAEDRVT14_FDPRBQ_V2_0P5)       0.00       0.00 r
  u_core/rx_reg_reg[6]/Q (SAEDRVT14_FDPRBQ_V2_0P5)        0.05       0.05 f
  u_core/rx_data[6] (qspi_pure_xip)                       0.00       0.05 f
  U135/X (SAEDRVT14_MUX2_U_0P5)                           0.02       0.07 f
  ahb_rdata_reg_reg[6]/D (SAEDRVT14_FDPRBQ_V2_0P5)        0.01       0.07 f
  data arrival time                                                  0.07

  clock HCLK (rise edge)                                  0.00       0.00
  clock network delay (ideal)                             0.00       0.00
  clock uncertainty                                       0.10       0.10
  ahb_rdata_reg_reg[6]/CK (SAEDRVT14_FDPRBQ_V2_0P5)       0.00       0.10 r
  library hold time                                       0.03       0.13
  data required time                                                 0.13
  --------------------------------------------------------------------------
  data required time                                                 0.13
  data arrival time                                                 -0.07
  --------------------------------------------------------------------------
  slack (VIOLATED)                                                  -0.06


  Startpoint: u_core/rx_reg_reg[5]
              (rising edge-triggered flip-flop clocked by HCLK)
  Endpoint: ahb_rdata_reg_reg[5]
            (rising edge-triggered flip-flop clocked by HCLK)
  Path Group: HCLK
  Path Type: min

  Des/Clust/Port     Wire Load Model       Library
  ------------------------------------------------
  ahb_wrapper        8000                  saed14rvt_tt0p8v25c

  Point                                                   Incr       Path
  --------------------------------------------------------------------------
  clock HCLK (rise edge)                                  0.00       0.00
  clock network delay (ideal)                             0.00       0.00
  u_core/rx_reg_reg[5]/CK (SAEDRVT14_FDPRBQ_V2_0P5)       0.00       0.00 r
  u_core/rx_reg_reg[5]/Q (SAEDRVT14_FDPRBQ_V2_0P5)        0.05       0.05 f
  u_core/rx_data[5] (qspi_pure_xip)                       0.00       0.05 f
  U136/X (SAEDRVT14_MUX2_U_0P5)                           0.02       0.07 f
  ahb_rdata_reg_reg[5]/D (SAEDRVT14_FDPRBQ_V2_0P5)        0.01       0.07 f
  data arrival time                                                  0.07

  clock HCLK (rise edge)                                  0.00       0.00
  clock network delay (ideal)                             0.00       0.00
  clock uncertainty                                       0.10       0.10
  ahb_rdata_reg_reg[5]/CK (SAEDRVT14_FDPRBQ_V2_0P5)       0.00       0.10 r
  library hold time                                       0.03       0.13
  data required time                                                 0.13
  --------------------------------------------------------------------------
  data required time                                                 0.13
  data arrival time                                                 -0.07
  --------------------------------------------------------------------------
  slack (VIOLATED)                                                  -0.06


  Startpoint: u_core/rx_reg_reg[4]
              (rising edge-triggered flip-flop clocked by HCLK)
  Endpoint: ahb_rdata_reg_reg[4]
            (rising edge-triggered flip-flop clocked by HCLK)
  Path Group: HCLK
  Path Type: min

  Des/Clust/Port     Wire Load Model       Library
  ------------------------------------------------
  ahb_wrapper        8000                  saed14rvt_tt0p8v25c

  Point                                                   Incr       Path
  --------------------------------------------------------------------------
  clock HCLK (rise edge)                                  0.00       0.00
  clock network delay (ideal)                             0.00       0.00
  u_core/rx_reg_reg[4]/CK (SAEDRVT14_FDPRBQ_V2_0P5)       0.00       0.00 r
  u_core/rx_reg_reg[4]/Q (SAEDRVT14_FDPRBQ_V2_0P5)        0.05       0.05 f
  u_core/rx_data[4] (qspi_pure_xip)                       0.00       0.05 f
  U137/X (SAEDRVT14_MUX2_U_0P5)                           0.02       0.07 f
  ahb_rdata_reg_reg[4]/D (SAEDRVT14_FDPRBQ_V2_0P5)        0.01       0.07 f
  data arrival time                                                  0.07

  clock HCLK (rise edge)                                  0.00       0.00
  clock network delay (ideal)                             0.00       0.00
  clock uncertainty                                       0.10       0.10
  ahb_rdata_reg_reg[4]/CK (SAEDRVT14_FDPRBQ_V2_0P5)       0.00       0.10 r
  library hold time                                       0.03       0.13
  data required time                                                 0.13
  --------------------------------------------------------------------------
  data required time                                                 0.13
  data arrival time                                                 -0.07
  --------------------------------------------------------------------------
  slack (VIOLATED)                                                  -0.06


  Startpoint: u_core/rx_reg_reg[9]
              (rising edge-triggered flip-flop clocked by HCLK)
  Endpoint: ahb_rdata_reg_reg[9]
            (rising edge-triggered flip-flop clocked by HCLK)
  Path Group: HCLK
  Path Type: min

  Des/Clust/Port     Wire Load Model       Library
  ------------------------------------------------
  ahb_wrapper        8000                  saed14rvt_tt0p8v25c

  Point                                                   Incr       Path
  --------------------------------------------------------------------------
  clock HCLK (rise edge)                                  0.00       0.00
  clock network delay (ideal)                             0.00       0.00
  u_core/rx_reg_reg[9]/CK (SAEDRVT14_FDPRBQ_V2_0P5)       0.00       0.00 r
  u_core/rx_reg_reg[9]/Q (SAEDRVT14_FDPRBQ_V2_0P5)        0.05       0.05 f
  u_core/rx_data[9] (qspi_pure_xip)                       0.00       0.05 f
  U132/X (SAEDRVT14_MUX2_U_0P5)                           0.02       0.07 f
  ahb_rdata_reg_reg[9]/D (SAEDRVT14_FDPRBQ_V2_0P5)        0.01       0.07 f
  data arrival time                                                  0.07

  clock HCLK (rise edge)                                  0.00       0.00
  clock network delay (ideal)                             0.00       0.00
  clock uncertainty                                       0.10       0.10
  ahb_rdata_reg_reg[9]/CK (SAEDRVT14_FDPRBQ_V2_0P5)       0.00       0.10 r
  library hold time                                       0.03       0.13
  data required time                                                 0.13
  --------------------------------------------------------------------------
  data required time                                                 0.13
  data arrival time                                                 -0.07
  --------------------------------------------------------------------------
  slack (VIOLATED)                                                  -0.06


1
