Information: Updating design information... (UID-85)
 
****************************************
Report : qor
Design : ahb_wrapper
Version: V-2023.12-SP2
Date   : Thu May 28 18:00:56 2026
****************************************


  Timing Path Group 'HCLK'
  -----------------------------------
  Levels of Logic:               2.00
  Critical Path Length:          0.21
  Critical Path Slack:           1.29
  Critical Path Clk Period:     20.00
  Total Negative Slack:          0.00
  No. of Violating Paths:        0.00
  Worst Hold Violation:         -0.07
  Total Hold Violation:         -7.20
  No. of Hold Violations:      140.00
  -----------------------------------


  Cell Count
  -----------------------------------
  Hierarchical Cell Count:          1
  Hierarchical Port Count:         79
  Leaf Cell Count:                488
  Buf/Inv Cell Count:              87
  Buf Cell Count:                   3
  Inv Cell Count:                  84
  CT Buf/Inv Cell Count:            0
  Combinational Cell Count:       346
  Sequential Cell Count:          142
  Macro Count:                      0
  -----------------------------------


  Area
  -----------------------------------
  Combinational Area:      100.743600
  Noncombinational Area:   151.359605
  Buf/Inv Area:             15.717600
  Total Buffer Area:             0.80
  Total Inverter Area:          14.92
  Macro/Black Box Area:      0.000000
  Net Area:                499.508946
  -----------------------------------
  Cell Area:               252.103205
  Design Area:             751.612152


  Design Rules
  -----------------------------------
  Total Number of Nets:           529
  Nets With Violations:             1
  Max Trans Violations:             0
  Max Cap Violations:               0
  Max Fanout Violations:            1
  -----------------------------------


  Hostname: vecad-svr1

  Compile CPU Statistics
  -----------------------------------------
  Resource Sharing:                    0.09
  Logic Optimization:                  0.32
  Mapping Optimization:                1.46
  -----------------------------------------
  Overall Compile Time:               13.27
  Overall Compile Wall Clock Time:    13.85

  --------------------------------------------------------------------

  Design  WNS: 0.00  TNS: 0.00  Number of Violating Paths: 0


  Design (Hold)  WNS: 0.07  TNS: 7.20  Number of Violating Paths: 140

  --------------------------------------------------------------------


1
