****************************************
Report : constraint
        -all_violators
Design : ahb_wrapper
Version: W-2024.09-SP3
Date   : Sun May 31 03:34:46 2026
****************************************

   late_timing
   -----------

Warning: Scenario func_ff is not configured for setup analysis: skipping. (UIC-058)
Endpoint                         Path Delay     Path Required       CRP    Slack Group    Scenario
----------------------------------------------------------------------------------------------------------
No paths.

   early_timing
   -----------

Warning: Scenario func_ss is not configured for hold analysis: skipping. (UIC-058)
Endpoint                         Path Delay     Path Required       CRP    Slack Group    Scenario
----------------------------------------------------------------------------------------------------------
ahb_wdata_reg_reg_25_/D (SAEDRVT14_FDPRBQ_V2LP_0P5)
                                   0.47 f         0.47           0.00    -0.00   HCLK     func_ff
u_core/rx_reg_reg_5_/D (SAEDRVT14_FDPRBQ_V2LP_0P5)
                                   0.47 f         0.47           0.00    -0.00   HCLK     func_ff
u_core/rx_reg_reg_12_/D (SAEDRVT14_FDPRBQ_V2LP_0P5)
                                   0.47 f         0.47           0.00    -0.00   HCLK     func_ff
ahb_wdata_reg_reg_21_/D (SAEDRVT14_FDPRBQ_V2LP_0P5)
                                   0.47 f         0.47           0.00    -0.00   HCLK     func_ff
u_core/sreg_reg_27_/D (SAEDRVT14_FDPRBQ_V2LP_0P5)
                                   0.47 f         0.47           0.00    -0.00   HCLK     func_ff
u_core/cmd_latched_reg_4_/D (SAEDRVT14_FDPRBQ_V2LP_0P5)
                                   0.47 f         0.47           0.00    -0.00   HCLK     func_ff
u_core/sreg_reg_21_/D (SAEDRVT14_FDPRBQ_V2LP_0P5)
                                   0.47 f         0.47           0.00    -0.00   HCLK     func_ff
u_core/sreg_reg_7_/D (SAEDRVT14_FDPRBQ_V2LP_0P5)
                                   0.47 f         0.47           0.00    -0.00   HCLK     func_ff
u_core/sreg_reg_25_/D (SAEDRVT14_FDPRBQ_V2LP_0P5)
                                   0.47 f         0.47           0.00    -0.00   HCLK     func_ff
u_core/sreg_reg_24_/D (SAEDRVT14_FDPRBQ_V2LP_0P5)
                                   0.47 f         0.47           0.00    -0.00   HCLK     func_ff
u_core/rx_reg_reg_27_/D (SAEDRVT14_FDPRBQ_V2LP_0P5)
                                   0.47 f         0.47           0.00    -0.00   HCLK     func_ff
u_core/cmd_latched_reg_1_/D (SAEDRVT14_FDPRBQ_V2LP_0P5)
                                   0.47 f         0.47           0.00    -0.00   HCLK     func_ff
u_core/sreg_reg_6_/D (SAEDRVT14_FDPRBQ_V2LP_0P5)
                                   0.47 f         0.47           0.00    -0.00   HCLK     func_ff
ahb_rdata_reg_reg_4_/D (SAEDRVT14_FDPRBQ_V2LP_0P5)
                                   0.47 f         0.47           0.00    -0.00   HCLK     func_ff
ahb_wdata_reg_reg_24_/D (SAEDRVT14_FDPRBQ_V2LP_0P5)
                                   0.47 f         0.47           0.00    -0.00   HCLK     func_ff
u_core/sreg_reg_15_/D (SAEDRVT14_FDPRBQ_V2LP_0P5)
                                   0.47 f         0.47           0.00    -0.00   HCLK     func_ff
ahb_wdata_reg_reg_3_/D (SAEDRVT14_FDPRBQ_V2LP_0P5)
                                   0.47 f         0.47           0.00    -0.00   HCLK     func_ff
ahb_wdata_reg_reg_0_/D (SAEDRVT14_FDPRBQ_V2LP_0P5)
                                   0.47 f         0.47           0.00    -0.00   HCLK     func_ff
u_core/sreg_reg_23_/D (SAEDRVT14_FDPRBQ_V2LP_0P5)
                                   0.47 f         0.47           0.00    -0.00   HCLK     func_ff
a_reg_reg_5_/D (SAEDRVT14_FDPRBQ_V2LP_0P5)
                                   0.47 f         0.47           0.00    -0.00   HCLK     func_ff
u_core/rx_reg_reg_6_/D (SAEDRVT14_FDPRBQ_V2LP_0P5)
                                   0.47 f         0.47           0.00    -0.00   HCLK     func_ff
u_core/sreg_reg_18_/D (SAEDRVT14_FDPRBQ_V2LP_0P5)
                                   0.47 f         0.47           0.00    -0.00   HCLK     func_ff
u_core/state_reg_0_/D (SAEDRVT14_FDPRBQ_V2LP_0P5)
                                   0.47 f         0.47           0.00    -0.00   HCLK     func_ff
u_core/sreg_reg_10_/D (SAEDRVT14_FDPRBQ_V2LP_0P5)
                                   0.47 f         0.47           0.00    -0.00   HCLK     func_ff

   Mode: func_mode Corner: ff_corner
   Scenario: func_ff
  ---------------------------------------------------------------------------
   Number of max_transition violation(s): 0

   Mode: func_mode Corner: ss_corner
   Scenario: func_ss
  ---------------------------------------------------------------------------
   Number of max_transition violation(s): 0

   Mode: func_mode Corner: ff_corner
   Scenario: func_ff
  ---------------------------------------------------------------------------
   Number of max_capacitance violation(s): 0

   Mode: func_mode Corner: ss_corner
   Scenario: func_ss
  ---------------------------------------------------------------------------
   Number of max_capacitance violation(s): 0


   Mode: func_mode Corner: ff_corner
   Scenario: func_ff
  ---------------------------------------------------------------------------
   Number of min_capacitance violation(s): 0

  Mode: func_mode
  Corner: ff_corner
  Scenario: func_ff

  ---------------------------------------------------------------------------
   Number of min_pulse_width violation(s): 0
  Mode: func_mode
  Corner: ss_corner
  Scenario: func_ss

  ---------------------------------------------------------------------------
   Number of min_pulse_width violation(s): 0
   Total number of violation(s): 0
1
